C:\Users\vy902033\Dropbox\python_repos\HUXt5\HUXt\huxt\data\example_inputs
{'ephemeris': 'C:\\Users\\vy902033\\Dropbox\\python_repos\\HUXt5\\HUXt\\huxt\\data\\ephemeris\\ephemeris.hdf5', 'example_inputs': 'C:\\Users\\vy902033\\Dropbox\\python_repos\\HUXt5\\HUXt\\huxt\\data\\example_inputs', 'boundary_conditions': 'C:\\Users\\vy902033\\AppData\\Local\\huxt\\data\\boundary_conditions', 'HUXt_data': 'C:\\Users\\vy902033\\AppData\\Local\\huxt\\data\\huxt', 'HUXt_figures': 'C:\\Users\\vy902033\\AppData\\Local\\huxt\\figures'}
No initiation time specified. Defaulting to start of CR2000, 20/2/2003
